bolatkhan@bolatkhan-VirtualBox:~$ ls
Desktop    Downloads         Music     Public           snap       Videos
Documents  examples.desktop  Pictures  PycharmProjects  Templates
bolatkhan@bolatkhan-VirtualBox:~$ cd /home
bolatkhan@bolatkhan-VirtualBox:/home$ ls
bolatkhan
bolatkhan@bolatkhan-VirtualBox:/home$ cd bolatkhan/
bolatkhan@bolatkhan-VirtualBox:~$ ls
Desktop    Downloads         Music     Public           snap       Videos
Documents  examples.desktop  Pictures  PycharmProjects  Templates
bolatkhan@bolatkhan-VirtualBox:~$ cd PycharmProjects/
bolatkhan@bolatkhan-VirtualBox:~/PycharmProjects$ ls
test-1
bolatkhan@bolatkhan-VirtualBox:~/PycharmProjects$ mk phoenix-back
mk: command not found
bolatkhan@bolatkhan-VirtualBox:~/PycharmProjects$ mkdir phoenix-back
bolatkhan@bolatkhan-VirtualBox:~/PycharmProjects$ ls
phoenix-back  test-1
bolatkhan@bolatkhan-VirtualBox:~/PycharmProjects$ cd phoenix-back/
bolatkhan@bolatkhan-VirtualBox:~/PycharmProjects/phoenix-back$ ls -a
.  ..
bolatkhan@bolatkhan-VirtualBox:~/PycharmProjects/phoenix-back$ git clone https://github.com/vercity-ru/phoenix-back.git

Command 'git' not found, but can be installed with:

sudo apt install git

bolatkhan@bolatkhan-VirtualBox:~/PycharmProjects/phoenix-back$ sudo apt install git
[sudo] password for bolatkhan: 
Reading package lists... Done
Building dependency tree       
Reading state information... Done
The following additional packages will be installed:
  git-man liberror-perl
Suggested packages:
  git-daemon-run | git-daemon-sysvinit git-doc git-el git-email git-gui gitk
  gitweb git-cvs git-mediawiki git-svn
The following NEW packages will be installed:
  git git-man liberror-perl
0 upgraded, 3 newly installed, 0 to remove and 188 not upgraded.
Need to get 4 741 kB of archives.
After this operation, 34,0 MB of additional disk space will be used.
Do you want to continue? [Y/n] y
Get:1 http://kz.archive.ubuntu.com/ubuntu bionic/main amd64 liberror-perl all 0.17025-1 [22,8 kB]
Get:2 http://kz.archive.ubuntu.com/ubuntu bionic-updates/main amd64 git-man all 1:2.17.1-1ubuntu0.7 [804 kB]
Get:3 http://kz.archive.ubuntu.com/ubuntu bionic-updates/main amd64 git amd64 1:2.17.1-1ubuntu0.7 [3 915 kB]
Fetched 4 741 kB in 8s (593 kB/s)                                              
Selecting previously unselected package liberror-perl.
(Reading database ... 127058 files and directories currently installed.)
Preparing to unpack .../liberror-perl_0.17025-1_all.deb ...
Unpacking liberror-perl (0.17025-1) ...
Selecting previously unselected package git-man.
Preparing to unpack .../git-man_1%3a2.17.1-1ubuntu0.7_all.deb ...
Unpacking git-man (1:2.17.1-1ubuntu0.7) ...
Selecting previously unselected package git.
Preparing to unpack .../git_1%3a2.17.1-1ubuntu0.7_amd64.deb ...
Unpacking git (1:2.17.1-1ubuntu0.7) ...
Setting up git-man (1:2.17.1-1ubuntu0.7) ...
Setting up liberror-perl (0.17025-1) ...
Setting up git (1:2.17.1-1ubuntu0.7) ...
Processing triggers for man-db (2.8.3-2ubuntu0.1) ...
bolatkhan@bolatkhan-VirtualBox:~/PycharmProjects/phoenix-back$ ls
bolatkhan@bolatkhan-VirtualBox:~/PycharmProjects/phoenix-back$ ls -a
.  ..
bolatkhan@bolatkhan-VirtualBox:~/PycharmProjects/phoenix-back$ git clone https://github.com/vercity-ru/phoenix-back.git
Cloning into 'phoenix-back'...
Username for 'https://github.com': phoenix
Password for 'https://phoenix@github.com': 
remote: Invalid username or password.
fatal: Authentication failed for 'https://github.com/vercity-ru/phoenix-back.git/'
bolatkhan@bolatkhan-VirtualBox:~/PycharmProjects/phoenix-back$ git clone https://github.com/vercity-ru/phoenix-back.git
Cloning into 'phoenix-back'...
Username for 'https://github.com': b.jaidarinov@interpress.kz
Password for 'https://b.jaidarinov@interpress.kz@github.com': 
remote: Enumerating objects: 157, done.
remote: Counting objects: 100% (157/157), done.
remote: Compressing objects: 100% (94/94), done.
remote: Total 157 (delta 74), reused 139 (delta 56), pack-reused 0
Receiving objects: 100% (157/157), 41.85 KiB | 252.00 KiB/s, done.
Resolving deltas: 100% (74/74), done.
bolatkhan@bolatkhan-VirtualBox:~/PycharmProjects/phoenix-back$ ls
phoenix-back
bolatkhan@bolatkhan-VirtualBox:~/PycharmProjects/phoenix-back$ cd phoenix-back/
bolatkhan@bolatkhan-VirtualBox:~/PycharmProjects/phoenix-back/phoenix-back$ ls
Dockerfile   phoenix     README.rst            setup.py
Makefile     pylama.ini  requirements.dev.txt  tests
MANIFEST.in  pytest.ini  requirements.txt
bolatkhan@bolatkhan-VirtualBox:~/PycharmProjects/phoenix-back/phoenix-back$ python -V

Command 'python' not found, but can be installed with:

sudo apt install python3       
sudo apt install python        
sudo apt install python-minimal

You also have python3 installed, you can run 'python3' instead.

bolatkhan@bolatkhan-VirtualBox:~/PycharmProjects/phoenix-back/phoenix-back$ python3 -V
Python 3.6.9
bolatkhan@bolatkhan-VirtualBox:~/PycharmProjects/phoenix-back/phoenix-back$ sudo apt update
Hit:1 http://kz.archive.ubuntu.com/ubuntu bionic InRelease
Get:2 http://kz.archive.ubuntu.com/ubuntu bionic-updates InRelease [88,7 kB]
Get:3 http://security.ubuntu.com/ubuntu bionic-security InRelease [88,7 kB]          
Get:4 http://kz.archive.ubuntu.com/ubuntu bionic-backports InRelease [74,6 kB]                   
Get:5 http://kz.archive.ubuntu.com/ubuntu bionic-updates/main amd64 DEP-11 Metadata [303 kB]      
Get:6 http://security.ubuntu.com/ubuntu bionic-security/main amd64 DEP-11 Metadata [40,6 kB]
Get:7 http://kz.archive.ubuntu.com/ubuntu bionic-updates/universe amd64 DEP-11 Metadata [273 kB]
Get:8 http://security.ubuntu.com/ubuntu bionic-security/universe amd64 DEP-11 Metadata [42,1 kB]
Get:9 http://security.ubuntu.com/ubuntu bionic-security/multiverse amd64 DEP-11 Metadata [2 464 B]                  
Get:10 http://kz.archive.ubuntu.com/ubuntu bionic-updates/multiverse amd64 DEP-11 Metadata [2 468 B]
Get:11 http://kz.archive.ubuntu.com/ubuntu bionic-backports/universe amd64 DEP-11 Metadata [7 968 B]
Fetched 924 kB in 2s (496 kB/s)                                                 
Reading package lists... Done
Building dependency tree       
Reading state information... Done
188 packages can be upgraded. Run 'apt list --upgradable' to see them.
bolatkhan@bolatkhan-VirtualBox:~/PycharmProjects/phoenix-back/phoenix-back$ sudo apt install software-properties-commonReading package lists... Done
Building dependency tree       
Reading state information... Done
software-properties-common is already the newest version (0.96.24.32.12).
software-properties-common set to manually installed.
0 upgraded, 0 newly installed, 0 to remove and 188 not upgraded.
bolatkhan@bolatkhan-VirtualBox:~/PycharmProjects/phoenix-back/phoenix-back$ sudo add-apt-repository ppa:deadsnakes/ppa
 This PPA contains more recent Python versions packaged for Ubuntu.

Disclaimer: there's no guarantee of timely updates in case of security problems or other issues. If you want to use them in a security-or-otherwise-critical environment (say, on a production server), you do so at your own risk.

Update Note
===========
Please use this repository instead of ppa:fkrull/deadsnakes.

Reporting Issues
================

Issues can be reported in the master issue tracker at:
https://github.com/deadsnakes/issues/issues

Supported Ubuntu and Python Versions
====================================

- Ubuntu 16.04 (xenial) Python 2.3 - Python 2.6, Python 3.1 - Python3.4, Python 3.6 - Python3.9
- Ubuntu 18.04 (bionic) Python2.3 - Python 2.6, Python 3.1 - Python 3.5, Python3.7 - Python3.9
- Ubuntu 20.04 (focal) Python3.5 - Python3.7, Python3.9
- Note: Python2.7 (all), Python 3.5 (xenial), Python 3.6 (bionic), Python 3.8 (focal) are not provided by deadsnakes as upstream ubuntu provides those packages.
- Note: for focal, older python versions require libssl1.0.x so they are not currently built

The packages may also work on other versions of Ubuntu or Debian, but that is not tested or supported.

Packages
========

The packages provided here are loosely based on the debian upstream packages with some modifications to make them more usable as non-default pythons and on ubuntu.  As such, the packages follow debian's patterns and often do not include a full python distribution with just `apt install python#.#`.  Here is a list of packages that may be useful along with the default install:

- `python#.#-dev`: includes development headers for building C extensions
- `python#.#-venv`: provides the standard library `venv` module
- `python#.#-distutils`: provides the standard library `distutils` module
- `python#.#-lib2to3`: provides the `2to3-#.#` utility as well as the standard library `lib2to3` module
- `python#.#-gdbm`: provides the standard library `gnu.dbm` module
- `python#.#-tk`: provides the standard library `tkinter` module

Third-Party Python Modules
==========================

Python modules in the official Ubuntu repositories are packaged to work with the Python interpreters from the official repositories. Accordingly, they generally won't work with the Python interpreters from this PPA. As an exception, pure-Python modules for Python 3 will work, but any compiled extension modules won't.

To install 3rd-party Python modules, you should use the common Python packaging tools.  For an introduction into the Python packaging ecosystem and its tools, refer to the Python Packaging User Guide:
https://packaging.python.org/installing/

Sources
=======
The package sources are available at:
https://github.com/deadsnakes/
 More info: https://launchpad.net/~deadsnakes/+archive/ubuntu/ppa
Press [ENTER] to continue or Ctrl-c to cancel adding it.

Hit:1 http://security.ubuntu.com/ubuntu bionic-security InRelease
Get:2 http://ppa.launchpad.net/deadsnakes/ppa/ubuntu bionic InRelease [15,9 kB]                         
Hit:3 http://kz.archive.ubuntu.com/ubuntu bionic InRelease                                                          
Hit:4 http://kz.archive.ubuntu.com/ubuntu bionic-updates InRelease                                 
Get:5 http://ppa.launchpad.net/deadsnakes/ppa/ubuntu bionic/main amd64 Packages [30,7 kB]
Hit:6 http://kz.archive.ubuntu.com/ubuntu bionic-backports InRelease                  
Get:7 http://ppa.launchpad.net/deadsnakes/ppa/ubuntu bionic/main i386 Packages [30,7 kB]             
Get:8 http://ppa.launchpad.net/deadsnakes/ppa/ubuntu bionic/main Translation-en [7 064 B]
Fetched 84,4 kB in 1s (61,4 kB/s)                   
Reading package lists... Done
bolatkhan@bolatkhan-VirtualBox:~/PycharmProjects/phoenix-back/phoenix-back$ sudo apt install python3.8
Reading package lists... Done
Building dependency tree       
Reading state information... Done
The following additional packages will be installed:
  libpython3.8-minimal libpython3.8-stdlib python3.8-minimal
Suggested packages:
  python3.8-venv python3.8-doc binfmt-support
The following NEW packages will be installed:
  libpython3.8-minimal libpython3.8-stdlib python3.8 python3.8-minimal
0 upgraded, 4 newly installed, 0 to remove and 188 not upgraded.
Need to get 4 761 kB of archives.
After this operation, 18,7 MB of additional disk space will be used.
Do you want to continue? [Y/n] y
Get:1 http://ppa.launchpad.net/deadsnakes/ppa/ubuntu bionic/main amd64 libpython3.8-minimal amd64 3.8.3-1+bionic1 [761 kB]
Get:2 http://ppa.launchpad.net/deadsnakes/ppa/ubuntu bionic/main amd64 python3.8-minimal amd64 3.8.3-1+bionic1 [1 888 kB]
Get:3 http://ppa.launchpad.net/deadsnakes/ppa/ubuntu bionic/main amd64 libpython3.8-stdlib amd64 3.8.3-1+bionic1 [1 699 kB]
Get:4 http://ppa.launchpad.net/deadsnakes/ppa/ubuntu bionic/main amd64 python3.8 amd64 3.8.3-1+bionic1 [414 kB]       
Fetched 4 761 kB in 9s (545 kB/s)                                                                                     
Selecting previously unselected package libpython3.8-minimal:amd64.
(Reading database ... 127965 files and directories currently installed.)
Preparing to unpack .../libpython3.8-minimal_3.8.3-1+bionic1_amd64.deb ...
Unpacking libpython3.8-minimal:amd64 (3.8.3-1+bionic1) ...
Selecting previously unselected package python3.8-minimal.
Preparing to unpack .../python3.8-minimal_3.8.3-1+bionic1_amd64.deb ...
Unpacking python3.8-minimal (3.8.3-1+bionic1) ...
Selecting previously unselected package libpython3.8-stdlib:amd64.
Preparing to unpack .../libpython3.8-stdlib_3.8.3-1+bionic1_amd64.deb ...
Unpacking libpython3.8-stdlib:amd64 (3.8.3-1+bionic1) ...
Selecting previously unselected package python3.8.
Preparing to unpack .../python3.8_3.8.3-1+bionic1_amd64.deb ...
Unpacking python3.8 (3.8.3-1+bionic1) ...
Setting up libpython3.8-minimal:amd64 (3.8.3-1+bionic1) ...
Setting up python3.8-minimal (3.8.3-1+bionic1) ...
Setting up libpython3.8-stdlib:amd64 (3.8.3-1+bionic1) ...
Setting up python3.8 (3.8.3-1+bionic1) ...
Processing triggers for gnome-menus (3.13.3-11ubuntu1.1) ...
Processing triggers for mime-support (3.60ubuntu1) ...
Processing triggers for desktop-file-utils (0.23-1ubuntu3.18.04.2) ...
Processing triggers for man-db (2.8.3-2ubuntu0.1) ...
bolatkhan@bolatkhan-VirtualBox:~/PycharmProjects/phoenix-back/phoenix-back$ python3 -V
Python 3.6.9
bolatkhan@bolatkhan-VirtualBox:~/PycharmProjects/phoenix-back/phoenix-back$ python3.8 --version
Python 3.8.3
bolatkhan@bolatkhan-VirtualBox:~/PycharmProjects/phoenix-back/phoenix-back$ docker run hello-world

Command 'docker' not found, but can be installed with:

sudo apt install docker.io

bolatkhan@bolatkhan-VirtualBox:~/PycharmProjects/phoenix-back/phoenix-back$ sudo apt-get remove docker docker-engine docker.io
Reading package lists... Done
Building dependency tree       
Reading state information... Done
Package 'docker-engine' is not installed, so not removed
Package 'docker' is not installed, so not removed
Package 'docker.io' is not installed, so not removed
0 upgraded, 0 newly installed, 0 to remove and 188 not upgraded.
bolatkhan@bolatkhan-VirtualBox:~/PycharmProjects/phoenix-back/phoenix-back$ sudo apt-get update
Hit:1 http://ppa.launchpad.net/deadsnakes/ppa/ubuntu bionic InRelease
Hit:2 http://kz.archive.ubuntu.com/ubuntu bionic InRelease                    
Hit:3 http://security.ubuntu.com/ubuntu bionic-security InRelease        
Get:4 http://kz.archive.ubuntu.com/ubuntu bionic-updates InRelease [88,7 kB]
Get:5 http://kz.archive.ubuntu.com/ubuntu bionic-backports InRelease [74,6 kB]
Fetched 163 kB in 1s (166 kB/s)      
Reading package lists... Done
bolatkhan@bolatkhan-VirtualBox:~/PycharmProjects/phoenix-back/phoenix-back$ sudo apt-get install apt-transport-https ca-certificates curl gnupg-agent software-properties-common
Reading package lists... Done
Building dependency tree       
Reading state information... Done
ca-certificates is already the newest version (20180409).
ca-certificates set to manually installed.
software-properties-common is already the newest version (0.96.24.32.12).
The following additional packages will be installed:
  libcurl4
The following NEW packages will be installed:
  apt-transport-https curl gnupg-agent libcurl4
0 upgraded, 4 newly installed, 0 to remove and 188 not upgraded.
Need to get 380 kB of archives.
After this operation, 1 234 kB of additional disk space will be used.
Do you want to continue? [Y/n] y
Get:1 http://kz.archive.ubuntu.com/ubuntu bionic-updates/universe amd64 apt-transport-https all 1.6.12ubuntu0.1 [1 692 B]
Get:2 http://kz.archive.ubuntu.com/ubuntu bionic-updates/main amd64 libcurl4 amd64 7.58.0-2ubuntu3.8 [214 kB]
Get:3 http://kz.archive.ubuntu.com/ubuntu bionic-updates/main amd64 curl amd64 7.58.0-2ubuntu3.8 [159 kB]
Get:4 http://kz.archive.ubuntu.com/ubuntu bionic-updates/universe amd64 gnupg-agent all 2.2.4-1ubuntu1.2 [4 880 B]
Fetched 380 kB in 1s (336 kB/s)     
Selecting previously unselected package apt-transport-https.
(Reading database ... 128585 files and directories currently installed.)
Preparing to unpack .../apt-transport-https_1.6.12ubuntu0.1_all.deb ...
Unpacking apt-transport-https (1.6.12ubuntu0.1) ...
Selecting previously unselected package libcurl4:amd64.
Preparing to unpack .../libcurl4_7.58.0-2ubuntu3.8_amd64.deb ...
Unpacking libcurl4:amd64 (7.58.0-2ubuntu3.8) ...
Selecting previously unselected package curl.
Preparing to unpack .../curl_7.58.0-2ubuntu3.8_amd64.deb ...
Unpacking curl (7.58.0-2ubuntu3.8) ...
Selecting previously unselected package gnupg-agent.
Preparing to unpack .../gnupg-agent_2.2.4-1ubuntu1.2_all.deb ...
Unpacking gnupg-agent (2.2.4-1ubuntu1.2) ...
Setting up apt-transport-https (1.6.12ubuntu0.1) ...
Setting up libcurl4:amd64 (7.58.0-2ubuntu3.8) ...
Setting up gnupg-agent (2.2.4-1ubuntu1.2) ...
Setting up curl (7.58.0-2ubuntu3.8) ...
Processing triggers for man-db (2.8.3-2ubuntu0.1) ...
Processing triggers for libc-bin (2.27-3ubuntu1) ...
bolatkhan@bolatkhan-VirtualBox:~/PycharmProjects/phoenix-back/phoenix-back$ curl -fsSL https://download.docker.com/linux/ubuntu/gpg | sudo apt-key add -
OK
bolatkhan@bolatkhan-VirtualBox:~/PycharmProjects/phoenix-back/phoenix-back$ sudo apt-key fingerprint 0EBFCD88
pub   rsa4096 2017-02-22 [SCEA]
      9DC8 5822 9FC7 DD38 854A  E2D8 8D81 803C 0EBF CD88
uid           [ unknown] Docker Release (CE deb) <docker@docker.com>
sub   rsa4096 2017-02-22 [S]

bolatkhan@bolatkhan-VirtualBox:~/PycharmProjects/phoenix-back/phoenix-back$ sudo add-apt-repository "deb [arch=amd64] https://download.docker.com/linux/ubuntu $(lsb_release -cs) stable"
Hit:1 http://ppa.launchpad.net/deadsnakes/ppa/ubuntu bionic InRelease
Hit:2 http://kz.archive.ubuntu.com/ubuntu bionic InRelease                                                            
Get:3 http://security.ubuntu.com/ubuntu bionic-security InRelease [88,7 kB]                                           
Get:4 http://kz.archive.ubuntu.com/ubuntu bionic-updates InRelease [88,7 kB]                                          
Get:5 https://download.docker.com/linux/ubuntu bionic InRelease [64,4 kB]                                             
Get:6 http://kz.archive.ubuntu.com/ubuntu bionic-backports InRelease [74,6 kB]                     
Get:7 https://download.docker.com/linux/ubuntu bionic/stable amd64 Packages [11,5 kB] 
Fetched 328 kB in 1s (328 kB/s)                                                       
Reading package lists... Done
bolatkhan@bolatkhan-VirtualBox:~/PycharmProjects/phoenix-back/phoenix-back$ sudo apt-get update
Hit:1 http://ppa.launchpad.net/deadsnakes/ppa/ubuntu bionic InRelease
Hit:2 http://kz.archive.ubuntu.com/ubuntu bionic InRelease                                                            
Get:3 http://security.ubuntu.com/ubuntu bionic-security InRelease [88,7 kB]                                           
Hit:4 https://download.docker.com/linux/ubuntu bionic InRelease                                                       
Get:5 http://kz.archive.ubuntu.com/ubuntu bionic-updates InRelease [88,7 kB]                              
Get:6 http://kz.archive.ubuntu.com/ubuntu bionic-backports InRelease [74,6 kB]                    
Fetched 252 kB in 1s (174 kB/s)      
Reading package lists... Done
bolatkhan@bolatkhan-VirtualBox:~/PycharmProjects/phoenix-back/phoenix-back$ sudo apt-get install docker-ce docker-ce-cli containerd.io
Reading package lists... Done
Building dependency tree       
Reading state information... Done
The following additional packages will be installed:
  aufs-tools cgroupfs-mount pigz
The following NEW packages will be installed:
  aufs-tools cgroupfs-mount containerd.io docker-ce docker-ce-cli pigz
0 upgraded, 6 newly installed, 0 to remove and 188 not upgraded.
Need to get 85,3 MB of archives.
After this operation, 381 MB of additional disk space will be used.
Do you want to continue? [Y/n] y
Get:1 http://kz.archive.ubuntu.com/ubuntu bionic/universe amd64 pigz amd64 2.4-1 [57,4 kB]
Get:2 https://download.docker.com/linux/ubuntu bionic/stable amd64 containerd.io amd64 1.2.13-2 [21,4 MB]
Get:3 http://kz.archive.ubuntu.com/ubuntu bionic/universe amd64 aufs-tools amd64 1:4.9+20170918-1ubuntu1 [104 kB]
Get:4 http://kz.archive.ubuntu.com/ubuntu bionic/universe amd64 cgroupfs-mount all 1.4 [6 320 B]
Get:5 https://download.docker.com/linux/ubuntu bionic/stable amd64 docker-ce-cli amd64 5:19.03.9~3-0~ubuntu-bionic [41,2 MB]
Get:6 https://download.docker.com/linux/ubuntu bionic/stable amd64 docker-ce amd64 5:19.03.9~3-0~ubuntu-bionic [22,5 MB]
Fetched 85,3 MB in 32s (2 625 kB/s)                                                                                   
Selecting previously unselected package pigz.
(Reading database ... 128606 files and directories currently installed.)
Preparing to unpack .../0-pigz_2.4-1_amd64.deb ...
Unpacking pigz (2.4-1) ...
Selecting previously unselected package aufs-tools.
Preparing to unpack .../1-aufs-tools_1%3a4.9+20170918-1ubuntu1_amd64.deb ...
Unpacking aufs-tools (1:4.9+20170918-1ubuntu1) ...
Selecting previously unselected package cgroupfs-mount.
Preparing to unpack .../2-cgroupfs-mount_1.4_all.deb ...
Unpacking cgroupfs-mount (1.4) ...
Selecting previously unselected package containerd.io.
Preparing to unpack .../3-containerd.io_1.2.13-2_amd64.deb ...
Unpacking containerd.io (1.2.13-2) ...
Selecting previously unselected package docker-ce-cli.
Preparing to unpack .../4-docker-ce-cli_5%3a19.03.9~3-0~ubuntu-bionic_amd64.deb ...
Unpacking docker-ce-cli (5:19.03.9~3-0~ubuntu-bionic) ...
Selecting previously unselected package docker-ce.
Preparing to unpack .../5-docker-ce_5%3a19.03.9~3-0~ubuntu-bionic_amd64.deb ...
Unpacking docker-ce (5:19.03.9~3-0~ubuntu-bionic) ...
Setting up aufs-tools (1:4.9+20170918-1ubuntu1) ...
Setting up containerd.io (1.2.13-2) ...
Created symlink /etc/systemd/system/multi-user.target.wants/containerd.service → /lib/systemd/system/containerd.service.
Setting up cgroupfs-mount (1.4) ...
Setting up docker-ce-cli (5:19.03.9~3-0~ubuntu-bionic) ...
Setting up pigz (2.4-1) ...
Setting up docker-ce (5:19.03.9~3-0~ubuntu-bionic) ...
Created symlink /etc/systemd/system/multi-user.target.wants/docker.service → /lib/systemd/system/docker.service.
Created symlink /etc/systemd/system/sockets.target.wants/docker.socket → /lib/systemd/system/docker.socket.
Processing triggers for libc-bin (2.27-3ubuntu1) ...
Processing triggers for systemd (237-3ubuntu10.33) ...
Processing triggers for man-db (2.8.3-2ubuntu0.1) ...
Processing triggers for ureadahead (0.100.0-21) ...
bolatkhan@bolatkhan-VirtualBox:~/PycharmProjects/phoenix-back/phoenix-back$ sudo docker run hello-world
Unable to find image 'hello-world:latest' locally
latest: Pulling from library/hello-world
0e03bdcc26d7: Pull complete 
Digest: sha256:6a65f928fb91fcfbc963f7aa6d57c8eeb426ad9a20c7ee045538ef34847f44f1
Status: Downloaded newer image for hello-world:latest

Hello from Docker!
This message shows that your installation appears to be working correctly.

To generate this message, Docker took the following steps:
 1. The Docker client contacted the Docker daemon.
 2. The Docker daemon pulled the "hello-world" image from the Docker Hub.
    (amd64)
 3. The Docker daemon created a new container from that image which runs the
    executable that produces the output you are currently reading.
 4. The Docker daemon streamed that output to the Docker client, which sent it
    to your terminal.

To try something more ambitious, you can run an Ubuntu container with:
 $ docker run -it ubuntu bash

Share images, automate workflows, and more with a free Docker ID:
 https://hub.docker.com/

For more examples and ideas, visit:
 https://docs.docker.com/get-started/

bolatkhan@bolatkhan-VirtualBox:~/PycharmProjects/phoenix-back/phoenix-back$ apt install virtualenv
E: Could not open lock file /var/lib/dpkg/lock-frontend - open (13: Permission denied)
E: Unable to acquire the dpkg frontend lock (/var/lib/dpkg/lock-frontend), are you root?
bolatkhan@bolatkhan-VirtualBox:~/PycharmProjects/phoenix-back/phoenix-back$ y
y: command not found
bolatkhan@bolatkhan-VirtualBox:~/PycharmProjects/phoenix-back/phoenix-back$ sudo apt install virtualenv
Reading package lists... Done
Building dependency tree       
Reading state information... Done
The following additional packages will be installed:
  python-pip-whl python3-distutils python3-lib2to3 python3-virtualenv
The following NEW packages will be installed:
  python-pip-whl python3-distutils python3-lib2to3 python3-virtualenv virtualenv
0 upgraded, 5 newly installed, 0 to remove and 188 not upgraded.
Need to get 1 922 kB of archives.
After this operation, 5 170 kB of additional disk space will be used.
Do you want to continue? [Y/n] y
Get:1 http://kz.archive.ubuntu.com/ubuntu bionic-updates/universe amd64 python-pip-whl all 9.0.1-2.3~ubuntu1.18.04.1 [1 653 kB]
Get:2 http://kz.archive.ubuntu.com/ubuntu bionic-updates/main amd64 python3-lib2to3 all 3.6.9-1~18.04 [77,4 kB]
Get:3 http://kz.archive.ubuntu.com/ubuntu bionic-updates/main amd64 python3-distutils all 3.6.9-1~18.04 [144 kB]
Get:4 http://kz.archive.ubuntu.com/ubuntu bionic/universe amd64 python3-virtualenv all 15.1.0+ds-1.1 [43,4 kB]
Get:5 http://kz.archive.ubuntu.com/ubuntu bionic/universe amd64 virtualenv all 15.1.0+ds-1.1 [4 476 B]
Fetched 1 922 kB in 3s (551 kB/s)  
Selecting previously unselected package python-pip-whl.
(Reading database ... 128911 files and directories currently installed.)
Preparing to unpack .../python-pip-whl_9.0.1-2.3~ubuntu1.18.04.1_all.deb ...
Unpacking python-pip-whl (9.0.1-2.3~ubuntu1.18.04.1) ...
Selecting previously unselected package python3-lib2to3.
Preparing to unpack .../python3-lib2to3_3.6.9-1~18.04_all.deb ...
Unpacking python3-lib2to3 (3.6.9-1~18.04) ...
Selecting previously unselected package python3-distutils.
Preparing to unpack .../python3-distutils_3.6.9-1~18.04_all.deb ...
Unpacking python3-distutils (3.6.9-1~18.04) ...
Selecting previously unselected package python3-virtualenv.
Preparing to unpack .../python3-virtualenv_15.1.0+ds-1.1_all.deb ...
Unpacking python3-virtualenv (15.1.0+ds-1.1) ...
Selecting previously unselected package virtualenv.
Preparing to unpack .../virtualenv_15.1.0+ds-1.1_all.deb ...
Unpacking virtualenv (15.1.0+ds-1.1) ...
Setting up python-pip-whl (9.0.1-2.3~ubuntu1.18.04.1) ...
Setting up python3-lib2to3 (3.6.9-1~18.04) ...
Setting up python3-distutils (3.6.9-1~18.04) ...
Setting up python3-virtualenv (15.1.0+ds-1.1) ...
Setting up virtualenv (15.1.0+ds-1.1) ...
Processing triggers for man-db (2.8.3-2ubuntu0.1) ...
bolatkhan@bolatkhan-VirtualBox:~/PycharmProjects/phoenix-back/phoenix-back$ sudo apt install python3.8-dev
Reading package lists... Done
Building dependency tree       
Reading state information... Done
The following additional packages will be installed:
  libc-dev-bin libc6-dev libexpat1-dev libpython3.8 libpython3.8-dev linux-libc-dev manpages-dev
Suggested packages:
  glibc-doc
The following NEW packages will be installed:
  libc-dev-bin libc6-dev libexpat1-dev libpython3.8 libpython3.8-dev linux-libc-dev manpages-dev python3.8-dev
0 upgraded, 8 newly installed, 0 to remove and 188 not upgraded.
Need to get 12,7 MB of archives.
After this operation, 57,9 MB of additional disk space will be used.
Do you want to continue? [Y/n] y
Get:1 http://kz.archive.ubuntu.com/ubuntu bionic/main amd64 libc-dev-bin amd64 2.27-3ubuntu1 [71,8 kB]
Get:2 http://ppa.launchpad.net/deadsnakes/ppa/ubuntu bionic/main amd64 libpython3.8 amd64 3.8.3-1+bionic1 [1 886 kB]
Get:3 http://kz.archive.ubuntu.com/ubuntu bionic-updates/main amd64 linux-libc-dev amd64 4.15.0-101.102 [994 kB]
Get:4 http://kz.archive.ubuntu.com/ubuntu bionic/main amd64 libc6-dev amd64 2.27-3ubuntu1 [2 587 kB]
Get:5 http://ppa.launchpad.net/deadsnakes/ppa/ubuntu bionic/main amd64 libpython3.8-dev amd64 3.8.3-1+bionic1 [4 360 kB]
Get:6 http://kz.archive.ubuntu.com/ubuntu bionic-updates/main amd64 libexpat1-dev amd64 2.2.5-3ubuntu0.2 [122 kB]
Get:7 http://ppa.launchpad.net/deadsnakes/ppa/ubuntu bionic/main amd64 python3.8-dev amd64 3.8.3-1+bionic1 [501 kB]
Get:8 http://kz.archive.ubuntu.com/ubuntu bionic/main amd64 manpages-dev all 4.15-1 [2 217 kB]                        
Fetched 12,7 MB in 10s (1 338 kB/s)                                                                                   
Selecting previously unselected package libc-dev-bin.
(Reading database ... 129353 files and directories currently installed.)
Preparing to unpack .../0-libc-dev-bin_2.27-3ubuntu1_amd64.deb ...
Unpacking libc-dev-bin (2.27-3ubuntu1) ...
Selecting previously unselected package linux-libc-dev:amd64.
Preparing to unpack .../1-linux-libc-dev_4.15.0-101.102_amd64.deb ...
Unpacking linux-libc-dev:amd64 (4.15.0-101.102) ...
Selecting previously unselected package libc6-dev:amd64.
Preparing to unpack .../2-libc6-dev_2.27-3ubuntu1_amd64.deb ...
Unpacking libc6-dev:amd64 (2.27-3ubuntu1) ...
Selecting previously unselected package libexpat1-dev:amd64.
Preparing to unpack .../3-libexpat1-dev_2.2.5-3ubuntu0.2_amd64.deb ...
Unpacking libexpat1-dev:amd64 (2.2.5-3ubuntu0.2) ...
Selecting previously unselected package libpython3.8:amd64.
Preparing to unpack .../4-libpython3.8_3.8.3-1+bionic1_amd64.deb ...
Unpacking libpython3.8:amd64 (3.8.3-1+bionic1) ...
Selecting previously unselected package libpython3.8-dev:amd64.
Preparing to unpack .../5-libpython3.8-dev_3.8.3-1+bionic1_amd64.deb ...
Unpacking libpython3.8-dev:amd64 (3.8.3-1+bionic1) ...
Selecting previously unselected package manpages-dev.
Preparing to unpack .../6-manpages-dev_4.15-1_all.deb ...
Unpacking manpages-dev (4.15-1) ...
Selecting previously unselected package python3.8-dev.
Preparing to unpack .../7-python3.8-dev_3.8.3-1+bionic1_amd64.deb ...
Unpacking python3.8-dev (3.8.3-1+bionic1) ...
Setting up linux-libc-dev:amd64 (4.15.0-101.102) ...
Setting up libc-dev-bin (2.27-3ubuntu1) ...
Setting up manpages-dev (4.15-1) ...
Setting up libc6-dev:amd64 (2.27-3ubuntu1) ...
Setting up libpython3.8:amd64 (3.8.3-1+bionic1) ...
Setting up libexpat1-dev:amd64 (2.2.5-3ubuntu0.2) ...
Setting up libpython3.8-dev:amd64 (3.8.3-1+bionic1) ...
Setting up python3.8-dev (3.8.3-1+bionic1) ...
Processing triggers for man-db (2.8.3-2ubuntu0.1) ...
Processing triggers for libc-bin (2.27-3ubuntu1) ...
bolatkhan@bolatkhan-VirtualBox:~/PycharmProjects/phoenix-back/phoenix-back$ 



